
> crm-marketing@0.1.0 build
> next build

  Ôû▓ Next.js 14.2.23
  - Environments: .env.local

   Creating an optimized production build ...
 Ô£ô Compiled successfully
   Linting and checking validity of types ...
node.exe : 
En línea: 1 Carácter: 1
+ & "C:\Program 
Files\nodejs/node.exe" 
"C:\Program 
Files\nodejs/node_mo ...
+ ~~~~~~~~~~~~~~~~~~~~~~~~~
~~~~~~~~~~~~~~~~~~~~~~~~~~~
~~~~~~~~~~~~~~~~~
    + CategoryInfo         
     : NotSpecified: (:St  
  ring) [], RemoteExcept   
 ion
    + FullyQualifiedErrorI 
   d : NativeCommandError
 
Failed to compile.

./app/campaigns/page.tsx
14:3  Error: 'Send' is 
defined but never used.  @t
ypescript-eslint/no-unused-
vars
15:3  Error: 'Eye' is 
defined but never used.  @t
ypescript-eslint/no-unused-
vars

./app/page.tsx
6:3  Error: 'Users' is 
defined but never used.  @t
ypescript-eslint/no-unused-
vars
14:3  Error: 
'MoreVertical' is defined 
but never used.  @typescrip
t-eslint/no-unused-vars

info  - Need to disable 
some ESLint rules? Learn 
more here: https://nextjs.o
rg/docs/basic-features/esli
nt#disabling-rules
